INFO combate  {"peak":-1.4,"sobre_3dB_pct":0.274,"rms":-15.6,"rmsWinMax":-9.7,"nodos":2946,"vivos_max":57,"vivos_fin":24,"sin_stop":0,"dsp":"34.4%","wall":5501}
INFO combate_rms_por_ventana_400ms  [-40.4,-20.5,-16.4,-17.7,-16.3,-17,-16.6,-14.4,-15.3,-15.3,-17.3,-12.9,-14.5,-16.9,-18,-10.3,-11.8,-19.1,-16.4,-16.9,-9.7,-11.6,-16.7,-13.6,-17.1,-17.2,-16.6,-11.9,-14.7,-23.3,-27.4,-12.4,-21.1,-19.4,-17.6,-21.3,-19.3,-20.1,-24.5,-22.7]
PASS MIX.combate_sin_NaN  0
PASS MIX.combate_pico_bajo_-1dBFS  -1.4
PASS MIX.combate_sin_clipping  0
PASS MIX.combate_volumen_razonable  -15.6
PASS MIX.combate_sin_errores  []
PASS MIX.transiciones_sin_silencio  -27.4
INFO estres  {"peak":-1.2,"rms":-10.5,"nodos_creados":5072,"vivos_max":129,"vivos_1a_mitad":129,"vivos_2a_mitad":129,"vivos_fin":22,"sin_stop":0,"dsp":"85.8%"}
PASS MIX.estres_sin_NaN  0
PASS MIX.estres_pico_bajo_-1dBFS  -1.2
PASS MIX.estres_nodos_acotados  {"max":129,"a":129,"b":129}
PASS MIX.estres_se_liberan_al_terminar  22
PASS MIX.estres_fuentes_con_fin  0
INFO arena_ciudad  {"peak":-3.5,"rms":-20.4,"centroide_hz":1042,"nodos":612,"vivos_max":39,"dsp":"29.4%"}
INFO arena_fortaleza  {"peak":-3.8,"rms":-19.9,"centroide_hz":778,"nodos":859,"vivos_max":37,"dsp":"23.2%"}
INFO arena_bosque  {"peak":-3.4,"rms":-20.3,"centroide_hz":612,"nodos":683,"vivos_max":34,"dsp":"19.6%"}
INFO arena_micelial  {"peak":-3.9,"rms":-19.4,"centroide_hz":531,"nodos":583,"vivos_max":39,"dsp":"29%"}
INFO arena_hielo  {"peak":-3.7,"rms":-21,"centroide_hz":919,"nodos":633,"vivos_max":46,"dsp":"19.3%"}
INFO arena_acuatica  {"peak":-3.5,"rms":-20.3,"centroide_hz":550,"nodos":556,"vivos_max":38,"dsp":"17.7%"}
INFO arena_laberinto  {"peak":-3.1,"rms":-20.3,"centroide_hz":612,"nodos":702,"vivos_max":38,"dsp":"19.8%"}
INFO arena_abismo  {"peak":-3.6,"rms":-20.1,"centroide_hz":490,"nodos":515,"vivos_max":39,"dsp":"17.5%"}
INFO arena_minas  {"peak":-2.3,"rms":-20,"centroide_hz":666,"nodos":768,"vivos_max":38,"dsp":"17.8%"}
INFO arena_infernal  {"peak":-2.8,"rms":-19.6,"centroide_hz":1091,"nodos":697,"vivos_max":36,"dsp":"20.8%"}
INFO arenas_distancia_espectral_minima_dB  {"d":1.73,"par":"bosque/minas"}
PASS MIX.arenas_musica_sin_NaN_ni_clipping  [-3.5,-3.8,-3.4,-3.9,-3.7,-3.5,-3.1,-3.6,-2.3,-2.8]
PASS MIX.arenas_con_identidad_propia  {"minD":1.73,"pair":"bosque/minas"}
INFO modo_title  {"pieza":"title","peak":-4.8,"rms":-20.1,"centroide_hz":541,"nodos":160,"vivos_max":25,"dsp":"13.1%","err":null}
INFO modo_menu  {"pieza":"menu","peak":-5.9,"rms":-23.5,"centroide_hz":845,"nodos":144,"vivos_max":19,"dsp":"7.8%","err":null}
INFO modo_intro  {"pieza":"intro","peak":-6.9,"rms":-23.2,"centroide_hz":948,"nodos":238,"vivos_max":28,"dsp":"16.5%","err":null}
INFO modo_wave  {"pieza":"wave","peak":-3.2,"rms":-21.1,"centroide_hz":1865,"nodos":751,"vivos_max":28,"dsp":"19.7%","err":null}
INFO modo_prelude  {"pieza":"prelude","peak":-5.5,"rms":-20,"centroide_hz":622,"nodos":218,"vivos_max":24,"dsp":"14.4%","err":null}
INFO modo_boss  {"pieza":"boss","peak":-4.1,"rms":-18.9,"centroide_hz":423,"nodos":604,"vivos_max":31,"dsp":"21.8%","err":null}
INFO modo_sorcerer  {"pieza":"sorcerer","peak":-7.6,"rms":-21.5,"centroide_hz":766,"nodos":302,"vivos_max":25,"dsp":"18.2%","err":null}
INFO modo_victory  {"pieza":"victory","peak":-5,"rms":-20,"centroide_hz":1865,"nodos":894,"vivos_max":41,"dsp":"35.1%","err":null}
INFO modo_defeat  {"pieza":"defeat","peak":-8.2,"rms":-20.6,"centroide_hz":496,"nodos":91,"vivos_max":22,"dsp":"14.6%","err":null}
INFO modos_distancia_espectral_minima_dB  {"d":2.23,"par":"title/prelude"}
PASS MUS.modos_sin_NaN_clipping_ni_errores  {"title":[-4.8,null],"menu":[-5.9,null],"intro":[-6.9,null],"wave":[-3.2,null],"prelude":[-5.5,null],"boss":[-4.1,null],"sorcerer":[-7.6,null],"victory":[-5,null],"defeat":[-8.2,null]}
PASS MUS.modos_con_volumen_audible  {"title":-20.1,"menu":-23.5,"intro":-23.2,"wave":-21.1,"prelude":-20,"boss":-18.9,"sorcerer":-21.5,"victory":-20,"defeat":-20.6}
PASS MUS.hechicero_tiene_su_tema  ["sorcerer","boss"]
PASS MUS.cada_modo_suena_distinto  {"d":2.23,"par":"title/prelude"}
INFO jefes_por_arena  {"ciudad":{"peak":-3.3,"rms":-17.8,"c":871},"fortaleza":{"peak":-2.9,"rms":-17.5,"c":543},"bosque":{"peak":-3.2,"rms":-18.2,"c":482},"micelial":{"peak":-3,"rms":-17.7,"c":404},"hielo":{"peak":-2.8,"rms":-18.1,"c":800},"acuatica":{"peak":-3.5,"rms":-18.6,"c":373},"laberinto":{"peak":-3.1,"rms":-17.7,"c":410},"abismo":{"peak":-3.8,"rms":-18.7,"c":350},"minas":{"peak":-2.1,"rms":-17.5,"c":467},"infernal":{"peak":-4.2,"rms":-19.6,"c":684}}
INFO jefes_distancia_espectral_minima_dB  {"d":1.9,"par":"bosque/minas"}
PASS MUS.jefes_sin_clipping_ni_errores  [-3.3,-2.9,-3.2,-3,-2.8,-3.5,-3.1,-3.8,-2.1,-4.2]
PASS MUS.jefe_de_cada_arena_suena_distinto  {"d":1.9,"par":"bosque/minas"}
INFO fases_jefe  {"f1":{"rms":-17.6,"peak":-3.3,"c":766,"sec":"P1","fase":1},"f2":{"rms":-17,"peak":-1.5,"c":1740,"sec":"P2","fase":2},"f3":{"rms":-15.4,"peak":-1.4,"c":2393,"sec":"P3","fase":3},"h1":{"rms":-19,"peak":-4.3,"c":705,"sec":"H1","fase":1,"steps":12},"h2":{"rms":-18,"peak":-2,"c":896,"sec":"H2","fase":2,"steps":12},"h3":{"rms":-15.6,"peak":-1.5,"c":2358,"sec":"H3","fase":3,"steps":16},"live":{"peak":-1.4,"sec":"P3","fase":3}}
INFO fases_distancia_espectral_dB  {"f12":7.62,"f23":2.83,"h12":4.29,"h23":5.69}
PASS MUS.fases_jefe_eligen_su_seccion  ["P1","P2","P3","H1","H2","H3"]
PASS MUS.fases_jefe_cambian_la_mezcla  {"f12":7.62,"f23":2.83,"h12":4.29,"h23":5.69}
PASS MUS.fase_3_mas_intensa_que_fase_1  [-17.6,-17,-15.4]
PASS MUS.cambio_de_fase_en_vivo  {"sec":"P3","phase":3,"peak":-1.4,"err":null}
PASS MUS.hechicero_forma_3_rompe_el_vals_a_4_4  [12,16]
PASS MUS.fases_sin_clipping_ni_errores  [-3.3,-1.5,-1.4,-4.3,-2,-1.5,-1.4]
INFO intensidad_capas  {"calma":{"rms":-22.2,"nodos":543,"int":0},"horda":{"rms":-19.2,"nodos":1027,"int":1},"dist_dB":5.25}
PASS MUS.mas_horda_mas_capas  {"dist":5.25,"rms":[-22.2,-19.2],"nodos":[543,1027]}
INFO formas  {"title":{"secciones":2,"distintas":2,"compases":16,"seg":64,"progresiones":2},"menu":{"secciones":4,"distintas":4,"compases":28,"seg":84,"progresiones":4},"intro":{"secciones":2,"distintas":2,"compases":16,"seg":36,"progresiones":2},"wave":{"secciones":4,"distintas":4,"compases":32,"seg":69.8,"progresiones":4},"prelude":{"secciones":2,"distintas":2,"compases":16,"seg":45.7,"progresiones":2},"boss":{"secciones":6,"distintas":6,"compases":48,"seg":92.9,"progresiones":5},"sorcerer":{"secciones":6,"distintas":6,"compases":48,"seg":72.7,"progresiones":4},"victory":{"secciones":2,"distintas":2,"compases":8,"seg":18.5,"progresiones":2},"defeat":{"secciones":2,"distintas":2,"compases":6,"seg":25.7,"progresiones":2}}
PASS MUS.oleadas_loop_largo_con_secciones  {"secciones":4,"distintas":4,"compases":32,"seg":69.8,"progresiones":4}
PASS MUS.jefe_y_hechicero_con_6_secciones  [{"secciones":6,"distintas":6,"compases":48,"seg":92.9,"progresiones":5},{"secciones":6,"distintas":6,"compases":48,"seg":72.7,"progresiones":4}]
INFO composicion  {"title":{"consonancia_pct":65,"mov_voz_prom":1.2},"menu":{"consonancia_pct":69,"mov_voz_prom":1.32},"intro":{"consonancia_pct":70,"mov_voz_prom":1.36},"wave":{"consonancia_pct":56,"mov_voz_prom":1.12},"prelude":{"consonancia_pct":58,"mov_voz_prom":1.13},"boss":{"consonancia_pct":56,"mov_voz_prom":1.19},"sorcerer":{"consonancia_pct":63,"mov_voz_prom":1.24},"victory":{"consonancia_pct":65,"mov_voz_prom":1.2},"defeat":{"consonancia_pct":67,"mov_voz_prom":0.82}}
PASS MUS.melodia_en_notas_del_acorde_en_tiempos_fuertes  {"title":65,"menu":69,"intro":70,"wave":56,"prelude":58,"boss":56,"sorcerer":63,"victory":65,"defeat":67}
PASS MUS.conduccion_de_voces_movimiento_chico  {"title":1.2,"menu":1.32,"intro":1.36,"wave":1.12,"prelude":1.13,"boss":1.19,"sorcerer":1.24,"victory":1.2,"defeat":0.82}
INFO director  {"introPk":"intro","introMode":"intro","after":"menu","sorcPk":"sorcerer","sorcMode":"boss","sorcAfter":"wave","seamPend":false,"seamPk":"menu","seamPeak":-4.1,"seamMin":-29.9}
PASS MUS.pantalla_previa_pone_el_vals_del_hechicero  {"introPk":"intro","introMode":"intro","after":"menu","sorcPk":"sorcerer","sorcMode":"boss","sorcAfter":"wave","seamPend":false,"seamPk":"menu","seamPeak":-4.1,"seamMin":-29.9}
PASS MUS.hechicero_subjefe_pone_su_tema_y_vuelve  {"introPk":"intro","introMode":"intro","after":"menu","sorcPk":"sorcerer","sorcMode":"boss","sorcAfter":"wave","seamPend":false,"seamPk":"menu","seamPeak":-4.1,"seamMin":-29.9}
PASS MUS.titulo_empalma_con_menu_sin_corte  {"introPk":"intro","introMode":"intro","after":"menu","sorcPk":"sorcerer","sorcMode":"boss","sorcAfter":"wave","seamPend":false,"seamPk":"menu","seamPeak":-4.1,"seamMin":-29.9}
INFO golpes  {"levelup_root":60,"levelup":{"peak":-5.4,"err":0,"rms":-22.3},"crystal_root":60,"crystal":{"peak":-4.1,"err":0,"rms":-19.4},"lootLegend_root":60,"lootLegend":{"peak":-5.4,"err":0,"rms":-20.6},"victory_root":60,"victory":{"peak":-4,"err":0,"rms":-18.6}}
PASS MUS.golpes_sin_clipping  {"levelup_root":60,"levelup":{"peak":-5.4,"err":0,"rms":-22.3},"crystal_root":60,"crystal":{"peak":-4.1,"err":0,"rms":-19.4},"lootLegend_root":60,"lootLegend":{"peak":-5.4,"err":0,"rms":-20.6},"victory_root":60,"victory":{"peak":-4,"err":0,"rms":-18.6}}
INFO nodos_musica_30s  {"peak":-1.4,"live_max":60,"a":60,"b":58,"never":0,"created":5103,"dsp":36.5,"err":null}
PASS MUS.nodos_estables  {"peak":-1.4,"live_max":60,"a":60,"b":58,"never":0,"created":5103,"dsp":36.5,"err":null}
PASS MUS.jefe_fase3_pico_bajo_-1dBFS  -1.4
INFO materiales_centroide_hz  {"flesh":2480,"wet":733,"stone":2436,"bone":4009,"shell":2399,"ice":7923,"magic":1901,"fire":4819,"metal":5238}
PASS SFX.materiales_suenan_distinto  {"minD":2.79,"par":"stone/fire"}
PASS SFX.variacion_por_disparo  {"dif_dB":2.4,"picos":[-12.1,-13.2]}
PASS EXPEDITION.vesper  {"peak":-25.2,"clip":0,"nan":0,"never":0,"errors":[]}
PASS EXPEDITION.nahir  {"peak":-25.4,"clip":0,"nan":0,"never":0,"errors":[]}
PASS EXPEDITION.baltra  {"peak":-25.4,"clip":0,"nan":0,"never":0,"errors":[]}
PASS EXPEDITION.maura  {"peak":-25.1,"clip":0,"nan":0,"never":0,"errors":[]}
PASS EXPEDITION.dariel  {"peak":-25.7,"clip":0,"nan":0,"never":0,"errors":[]}
PASS EXPEDITION.orsa  {"peak":-24.4,"clip":0,"nan":0,"never":0,"errors":[]}
PASS EXPEDITION.tibor  {"peak":-24.8,"clip":0,"nan":0,"never":0,"errors":[]}
PASS EXPEDITION.zahra  {"peak":-25.9,"clip":0,"nan":0,"never":0,"errors":[]}
PASS EXPEDITION.renko  {"peak":-24.1,"clip":0,"nan":0,"never":0,"errors":[]}
PASS EXPEDITION.sira  {"peak":-25.2,"clip":0,"nan":0,"never":0,"errors":[]}
INFO mute_y_volumen  {"muted":-120,"noMusic":-120}
PASS MIX.mute_silencia  -120
PASS MIX.volumen_musica_0_silencia_musica  -120
INFO costo_por_cuadro  {"frames":240,"avg_ms":0.813,"p95_ms":3.8,"max_ms":16.2,"ctx":"running"}
PASS MIX.rafaga_4_efectos_por_cuadro_promedio_menor_1ms  {"frames":240,"avg_ms":0.813,"p95_ms":3.8,"max_ms":16.2,"ctx":"running"}
INFO partida_en_vivo  {"ctx":"running","t":24,"peak_dBFS":-1.4,"clip":0,"rms_play_dBFS":-19.3,"modes":["wave"],"st":"playing","apErr":null,"frame":{"frames":1035,"sfx_calls":61,"avg_ms":0.161,"p95_ms":0.8,"p99_ms":2.9,"max_ms":10.8,"total_sfx_ms":22,"total_sched_ms":150,"max_call_ms":{"sfx":5.2,"sched":10.8}}}
PASS JUEGO.audio_corre  {"ctx":"running","t":24,"peak_dBFS":-1.4,"clip":0,"rms_play_dBFS":-19.3,"modes":["wave"],"st":"playing","apErr":null,"frame":{"frames":1035,"sfx_calls":61,"avg_ms":0.161,"p95_ms":0.8,"p99_ms":2.9,"max_ms":10.8,"total_sfx_ms":22,"total_sched_ms":150,"max_call_ms":{"sfx":5.2,"sched":10.8}}}
PASS JUEGO.pico_en_vivo_bajo_-1dBFS  -1.4
PASS JUEGO.costo_audio_por_cuadro_menor_1ms  {"frames":1035,"sfx_calls":61,"avg_ms":0.161,"p95_ms":0.8,"p99_ms":2.9,"max_ms":10.8,"total_sfx_ms":22,"total_sched_ms":150,"max_call_ms":{"sfx":5.2,"sched":10.8}}
PASS JUEGO.volumen_en_partida_razonable  -19.3
PASS JUEGO.sin_errores_de_consola  []
INFO jefe_en_vivo  {"boss":"mago_hielo_cristal","modes":["wave","boss","victory"],"st":"victory","peak_dBFS":-1.5,"clip":0,"spaces":["_","ciudad","hielo"],"spaceKey":"hielo"}
PASS JUEGO.jefe_musica_jefe_y_victoria  {"boss":"mago_hielo_cristal","modes":["wave","boss","victory"],"st":"victory","peak_dBFS":-1.5,"clip":0,"spaces":["_","ciudad","hielo"],"spaceKey":"hielo"}
PASS JUEGO.jefe_pico_bajo_-1dBFS  -1.5
PASS JUEGO.jefe_sin_errores_de_consola  []
SUMMARY OK fails=0
